
> bell24H-dashboard@0.1.0 build
> next build

  ▲ Next.js 14.2.32
  - Environments: .env.local, .env.production, .env

   Creating an optimized production build ...
 ✓ Compiled successfully
   Skipping validation of types
   Skipping linting
   Collecting page data ...
   Generating static pages (0/52) ...
npm : Error fetching leads: PrismaClientInitializationError: 
At line:1 char:1
+ npm run build 2>&1 | Tee-Object -FilePath build-output.log
+ ~~~~~~~~~~~~~~~~~~
    + CategoryInfo          : NotSpecified: (Error fetching ...lizat 
   ionError: :String) [], RemoteException
    + FullyQualifiedErrorId : NativeCommandError
 
Invalid `prisma.lead.findMany()` invocation:


Can't reach database server at `postgres.railway.internal:5432`

Please make sure your database server is running at 
`postgres.railway.internal:5432`.
    at ei.handleRequestError (C:\Users\Sanika\Projects\bell24h\node_m
odules\@prisma\client\runtime\library.js:121:7583)
    at ei.handleAndLogRequestError (C:\Users\Sanika\Projects\bell24h\
node_modules\@prisma\client\runtime\library.js:121:6608)
    at ei.request (C:\Users\Sanika\Projects\bell24h\node_modules\@pri
sma\client\runtime\library.js:121:6315)
    at async a (C:\Users\Sanika\Projects\bell24h\node_modules\@prisma
\client\runtime\library.js:130:9551)
    at async p (C:\Users\Sanika\Projects\bell24h\.next\server\app\api
\admin\leads\route.js:1:601)
    at async C:\Users\Sanika\Projects\bell24h\node_modules\next\dist\
compiled\next-server\app-route.runtime.prod.js:6:38411
    at async e_.execute (C:\Users\Sanika\Projects\bell24h\node_module
s\next\dist\compiled\next-server\app-route.runtime.prod.js:6:27880)
    at async e_.handle (C:\Users\Sanika\Projects\bell24h\node_modules
\next\dist\compiled\next-server\app-route.runtime.prod.js:6:39943)
    at async exportAppRoute (C:\Users\Sanika\Projects\bell24h\node_mo
dules\next\dist\export\routes\app-route.js:77:26)
    at async exportPageImpl (C:\Users\Sanika\Projects\bell24h\node_mo
dules\next\dist\export\worker.js:175:20) {
  clientVersion: '6.15.0',
  errorCode: undefined,
  retryable: undefined
}
   Generating static pages (13/52) 
   Generating static pages (26/52) 
   Generating static pages (39/52) 
 ✓ Generating static pages (52/52)
   Finalizing page optimization ...
   Collecting build traces ...

Route (app)                               Size     First Load JS
┌ ○ /                                     1.26 kB        88.4 kB
├ ○ /_not-found                           873 B          88.1 kB
├ ○ /about                                176 B          87.4 kB
├ ○ /admin                                12 kB          99.2 kB
├ ○ /admin/analytics                      2.73 kB        89.9 kB
├ ○ /admin/dashboard                      3.36 kB        90.5 kB
├ ○ /admin/launch-metrics                 3.88 kB        91.1 kB
├ ○ /admin/leads                          3.49 kB        90.7 kB
├ ○ /admin/monitoring                     3.46 kB        90.6 kB
├ ○ /admin/rfqs                           3.35 kB        90.5 kB
├ ○ /admin/security                       3.84 kB          91 kB
├ ○ /admin/suppliers                      3.45 kB        90.6 kB
├ ○ /admin/users                          3.59 kB        90.8 kB
├ ƒ /api/admin/leads                      0 B                0 B
├ ƒ /api/agents/auth                      0 B                0 B
├ ƒ /api/agents/verify                    0 B                0 B
├ ƒ /api/auth/agent/login                 0 B                0 B
├ ƒ /api/campaigns                        0 B                0 B
├ ƒ /api/campaigns/[id]                   0 B                0 B
├ ƒ /api/credits/purchase                 0 B                0 B
├ ƒ /api/credits/verify                   0 B                0 B
├ ○ /api/health                           0 B                0 B
├ ƒ /api/integrations/n8n                 0 B                0 B
├ ƒ /api/integrations/nano-banana         0 B                0 B
├ ƒ /api/leads/submit                     0 B                0 B
├ ƒ /api/leads/unlock                     0 B                0 B
├ ƒ /api/payment/create-link              0 B                0 B
├ ƒ /api/transactions                     0 B                0 B
├ ƒ /api/ugc/upload                       0 B                0 B
├ ƒ /api/wallet/razorpay                  0 B                0 B
├ ƒ /categories/[category]                176 B          87.4 kB
├ ○ /contact                              176 B          87.4 kB
├ ○ /dashboard/ai-features                176 B          87.4 kB
├ ○ /fintech                              176 B          87.4 kB
├ ○ /help                                 176 B          87.4 kB
├ ○ /leads                                4.6 kB         91.8 kB
├ ○ /login                                176 B          87.4 kB
├ ○ /marketplace                          176 B          87.4 kB
├ ○ /pricing                              3.84 kB          91 kB
├ ○ /privacy                              176 B          87.4 kB
├ ○ /register                             176 B          87.4 kB
├ ○ /rfq/create                           176 B          87.4 kB
├ ○ /services/featured-suppliers          3.81 kB          91 kB
├ ○ /services/rfq-writing                 3.58 kB        90.8 kB
├ ○ /services/verification                3.52 kB        90.7 kB
├ ○ /sitemap.xml                          0 B                0 B
├ ○ /supplier/leads                       5.66 kB        92.8 kB
├ ○ /suppliers                            176 B          87.4 kB
├ ○ /terms                                176 B          87.4 kB
├ ○ /voice-rfq                            176 B          87.4 kB
└ ○ /wallet                               176 B          87.4 kB
+ First Load JS shared by all             87.2 kB
  ├ chunks/117-2fe4c1f3a096ff0e.js        31.6 kB
  ├ chunks/fd9d1056-cf48984c1108c87a.js   53.6 kB
  └ other shared chunks (total)           1.95 kB

Route (pages)                             Size     First Load JS
─ ○ /mobile/ShippingPage (3352 ms)        111 kB          192 kB
+ First Load JS shared by all             81.1 kB
  ├ chunks/framework-15ba51906d8dff5c.js  44.8 kB
  ├ chunks/main-db9ac29bc3362f75.js       34.4 kB
  └ other shared chunks (total)           1.93 kB

○  (Static)   prerendered as static content
ƒ  (Dynamic)  server-rendered on demand

